../Core/Src/main.c:80:13:LCD_EnablePulse	8	static
../Core/Src/main.c:88:13:LCD_Send4Bit	16	static
../Core/Src/main.c:98:13:LCD_Command	16	static
../Core/Src/main.c:108:13:LCD_Data	16	static
../Core/Src/main.c:118:13:LCD_Init	8	static
../Core/Src/main.c:133:13:LCD_SetCursor	24	static
../Core/Src/main.c:144:13:LCD_Print	16	static
../Core/Src/main.c:151:20:WrapIndex	8	static
../Core/Src/main.c:160:13:UpdateLED	8	static
../Core/Src/main.c:182:13:UpdateButton	16	static
../Core/Src/main.c:286:13:UpdateDisplay	32	static
../Core/Src/main.c:333:13:HandleTick	8	static
../Core/Src/main.c:341:5:main	8	static
../Core/Src/main.c:372:6:SystemClock_Config	80	static
../Core/Src/main.c:403:6:HAL_SYSTICK_Callback	8	static
../Core/Src/main.c:410:6:Error_Handler	8	static,ignoring_inline_asm
../Core/Src/main.c:419:6:assert_failed	16	static
