../Core/Src/main.c:105:13:LCD_EnablePulse	8	static
../Core/Src/main.c:113:13:LCD_Send4Bit	16	static
../Core/Src/main.c:123:13:LCD_Command	16	static
../Core/Src/main.c:133:13:LCD_Data	16	static
../Core/Src/main.c:143:13:LCD_Init	8	static
../Core/Src/main.c:158:13:LCD_SetCursor	24	static
../Core/Src/main.c:169:13:LCD_Print	16	static
../Core/Src/main.c:176:20:WrapIndex	8	static
../Core/Src/main.c:185:13:UpdateLED	8	static
../Core/Src/main.c:207:13:UpdateButton	24	static
../Core/Src/main.c:310:13:UpdateDisplay	32	static
../Core/Src/main.c:357:13:HandleTick	8	static
../Core/Src/main.c:369:5:main	8	static
../Core/Src/main.c:424:6:SystemClock_Config	80	static
../Core/Src/main.c:501:6:HAL_SYSTICK_Callback	8	static
../Core/Src/main.c:508:6:Error_Handler	8	static,ignoring_inline_asm
../Core/Src/main.c:517:6:assert_failed	16	static
